// Vitest Snapshot v1, https://vitest.dev/guide/snapshot.html

exports[`should have anime 1`] = `
<button
  class="btn_error"
>
  ERROR BUTTON
</button>
`;

exports[`should match error button 1`] = `
<button
  class="btn_error"
>
  ERROR BUTTON
</button>
`;
